

******************************************************************************

                          Test Program for TimeStamp

******************************************************************************

 Filename: test_timestamp.txt


Date (ISO)
==========

Full date
---------
 8 April 2025, 13:47:59

Full date with ms
-----------------
 8 April 2025, 13:47:59.716

Only date
---------
 8 April 2025

Only time
---------
 13:47:59

Only time with ms
-----------------
 13:47:59.716


Date (US)
=========

Full date
---------
 April 8 2025, 13:47:59

Full date with ms
-----------------
 April 8 2025, 13:47:59.716

Only date
---------
 April 8 2025


Date (short format)
===================

Full date
---------
 8 Apr. 2025, 13:47:59

Full date with ms
-----------------
 8 Apr. 2025, 13:47:59.716

Only date
---------
 8 Apr. 2025
